Frontmaterialien: birke[12,18] birkesi[12,18] eiche[18] fichte[18] seekiefer[12,15] fichtesp[12,15,18] mdf[16,19] osb[12,15,18] dreischicht[19] dekorspan[16,19]

== Sideboard 1200x720 Füsse 160
hinged birke 12 korpus | Tür 557x597 | OK | Topfscharnier Ø 26 mm, 110°, aufliegend, | Hartwachsöl, farblos oder weis; Schleifpapier Körnung 120, 180
hinged birke 12 salbei | Tür 557x597 | OK | Topfscharnier Ø 26 mm, 110°, aufliegend, | Hartwachsöl, farblos oder weis; Haftgrund; Möbellack seidenmatt, Salbei; Schleifpapier Körnung 120, 180
hinged birke 18 korpus | Tür 557x597 | OK | Topfscharnier Ø 35 mm, 110°, aufliegend, | Hartwachsöl, farblos oder weis; Schleifpapier Körnung 120, 180
hinged birke 18 salbei | Tür 557x597 | OK | Topfscharnier Ø 35 mm, 110°, aufliegend, | Hartwachsöl, farblos oder weis; Haftgrund; Möbellack seidenmatt, Salbei; Schleifpapier Körnung 120, 180
hinged birkesi 12 korpus | Tür 557x597 | OK | Topfscharnier Ø 26 mm, 110°, aufliegend, | Hartwachsöl, farblos oder weis; Schleifpapier Körnung 120, 180
hinged birkesi 12 salbei | Tür 557x597 | OK | Topfscharnier Ø 26 mm, 110°, aufliegend, | Hartwachsöl, farblos oder weis; Haftgrund; Möbellack seidenmatt, Salbei; Schleifpapier Körnung 120, 180
hinged birkesi 18 korpus | Tür 557x597 | OK | Topfscharnier Ø 35 mm, 110°, aufliegend, | Hartwachsöl, farblos oder weis; Schleifpapier Körnung 120, 180
hinged birkesi 18 salbei | Tür 557x597 | OK | Topfscharnier Ø 35 mm, 110°, aufliegend, | Hartwachsöl, farblos oder weis; Haftgrund; Möbellack seidenmatt, Salbei; Schleifpapier Körnung 120, 180
hinged eiche 18 korpus | Tür 557x597 | OK | Topfscharnier Ø 35 mm, 110°, aufliegend, | Hartwachsöl, farblos oder weis; Schleifpapier Körnung 120, 180
hinged eiche 18 salbei | Tür 557x597 | OK | Topfscharnier Ø 35 mm, 110°, aufliegend, | Hartwachsöl, farblos oder weis; Haftgrund; Möbellack seidenmatt, Salbei; Schleifpapier Körnung 120, 180
hinged fichte 18 korpus | Tür 557x597 | OK | Topfscharnier Ø 35 mm, 110°, aufliegend, | Hartwachsöl, farblos oder weis; Schleifpapier Körnung 120, 180
hinged fichte 18 salbei | Tür 557x597 | OK | Topfscharnier Ø 35 mm, 110°, aufliegend, | Hartwachsöl, farblos oder weis; Haftgrund; Möbellack seidenmatt, Salbei; Schleifpapier Körnung 120, 180
hinged seekiefer 12 korpus | Tür 557x597 | OK | Topfscharnier Ø 26 mm, 110°, aufliegend, | Hartwachsöl, farblos oder weis; Schleifpapier Körnung 120, 180
hinged seekiefer 12 salbei | Tür 557x597 | OK | Topfscharnier Ø 26 mm, 110°, aufliegend, | Hartwachsöl, farblos oder weis; Haftgrund; Möbellack seidenmatt, Salbei; Schleifpapier Körnung 120, 180
hinged seekiefer 15 korpus | Tür 557x597 | OK | Topfscharnier Ø 35 mm, 110°, aufliegend, | Hartwachsöl, farblos oder weis; Schleifpapier Körnung 120, 180
hinged seekiefer 15 salbei | Tür 557x597 | OK | Topfscharnier Ø 35 mm, 110°, aufliegend, | Hartwachsöl, farblos oder weis; Haftgrund; Möbellack seidenmatt, Salbei; Schleifpapier Körnung 120, 180
hinged fichtesp 12 korpus | Tür 557x597 | OK | Topfscharnier Ø 26 mm, 110°, aufliegend, | Hartwachsöl, farblos oder weis; Schleifpapier Körnung 120, 180
hinged fichtesp 12 salbei | Tür 557x597 | OK | Topfscharnier Ø 26 mm, 110°, aufliegend, | Hartwachsöl, farblos oder weis; Haftgrund; Möbellack seidenmatt, Salbei; Schleifpapier Körnung 120, 180
hinged fichtesp 15 korpus | Tür 557x597 | OK | Topfscharnier Ø 35 mm, 110°, aufliegend, | Hartwachsöl, farblos oder weis; Schleifpapier Körnung 120, 180
hinged fichtesp 15 salbei | Tür 557x597 | OK | Topfscharnier Ø 35 mm, 110°, aufliegend, | Hartwachsöl, farblos oder weis; Haftgrund; Möbellack seidenmatt, Salbei; Schleifpapier Körnung 120, 180
hinged fichtesp 18 korpus | Tür 557x597 | OK | Topfscharnier Ø 35 mm, 110°, aufliegend, | Hartwachsöl, farblos oder weis; Schleifpapier Körnung 120, 180
hinged fichtesp 18 salbei | Tür 557x597 | OK | Topfscharnier Ø 35 mm, 110°, aufliegend, | Hartwachsöl, farblos oder weis; Haftgrund; Möbellack seidenmatt, Salbei; Schleifpapier Körnung 120, 180
hinged mdf 16 korpus | Tür 557x597 | OK | Topfscharnier Ø 35 mm, 110°, aufliegend, | Hartwachsöl, farblos oder weis; Grundierung für MDF (Kanten 2×; Möbellack seidenmatt, Weiss; Schleifpapier Körnung 120, 180
hinged mdf 16 salbei | Tür 557x597 | OK | Topfscharnier Ø 35 mm, 110°, aufliegend, | Hartwachsöl, farblos oder weis; Grundierung für MDF (Kanten 2×; Möbellack seidenmatt, Salbei; Schleifpapier Körnung 120, 180
hinged mdf 19 korpus | Tür 557x597 | OK | Topfscharnier Ø 35 mm, 110°, aufliegend, | Hartwachsöl, farblos oder weis; Grundierung für MDF (Kanten 2×; Möbellack seidenmatt, Weiss; Schleifpapier Körnung 120, 180
hinged mdf 19 salbei | Tür 557x597 | OK | Topfscharnier Ø 35 mm, 110°, aufliegend, | Hartwachsöl, farblos oder weis; Grundierung für MDF (Kanten 2×; Möbellack seidenmatt, Salbei; Schleifpapier Körnung 120, 180
hinged osb 12 korpus | Tür 557x597 | OK | Topfscharnier Ø 26 mm, 110°, aufliegend, | Hartwachsöl, farblos oder weis; Schleifpapier Körnung 120, 180
hinged osb 12 salbei | Tür 557x597 | OK | Topfscharnier Ø 26 mm, 110°, aufliegend, | Hartwachsöl, farblos oder weis; Haftgrund; Möbellack seidenmatt, Salbei; Schleifpapier Körnung 120, 180
hinged osb 15 korpus | Tür 557x597 | OK | Topfscharnier Ø 35 mm, 110°, aufliegend, | Hartwachsöl, farblos oder weis; Schleifpapier Körnung 120, 180
hinged osb 15 salbei | Tür 557x597 | OK | Topfscharnier Ø 35 mm, 110°, aufliegend, | Hartwachsöl, farblos oder weis; Haftgrund; Möbellack seidenmatt, Salbei; Schleifpapier Körnung 120, 180
hinged osb 18 korpus | Tür 557x597 | OK | Topfscharnier Ø 35 mm, 110°, aufliegend, | Hartwachsöl, farblos oder weis; Schleifpapier Körnung 120, 180
hinged osb 18 salbei | Tür 557x597 | OK | Topfscharnier Ø 35 mm, 110°, aufliegend, | Hartwachsöl, farblos oder weis; Haftgrund; Möbellack seidenmatt, Salbei; Schleifpapier Körnung 120, 180
hinged dreischicht 19 korpus | Tür 557x597 | OK | Topfscharnier Ø 35 mm, 110°, aufliegend, | Hartwachsöl, farblos oder weis; Schleifpapier Körnung 120, 180
hinged dreischicht 19 salbei | Tür 557x597 | OK | Topfscharnier Ø 35 mm, 110°, aufliegend, | Hartwachsöl, farblos oder weis; Haftgrund; Möbellack seidenmatt, Salbei; Schleifpapier Körnung 120, 180
hinged dekorspan 16 korpus | Tür 557x597 | OK | Topfscharnier Ø 35 mm, 110°, aufliegend, | Hartwachsöl, farblos oder weis; Kantenband zum Aufbügeln, pass; Schleifpapier Körnung 120, 180
hinged dekorspan 16 salbei | Tür 557x597 | OK | Topfscharnier Ø 35 mm, 110°, aufliegend, | Hartwachsöl, farblos oder weis; Haftgrund; Möbellack seidenmatt, Salbei; Kantenband zum Aufbügeln, pass; Schleifpapier Körnung 120, 180
hinged dekorspan 19 korpus | Tür 557x597 | OK | Topfscharnier Ø 35 mm, 110°, aufliegend, | Hartwachsöl, farblos oder weis; Kantenband zum Aufbügeln, pass; Schleifpapier Körnung 120, 180
hinged dekorspan 19 salbei | Tür 557x597 | OK | Topfscharnier Ø 35 mm, 110°, aufliegend, | Hartwachsöl, farblos oder weis; Haftgrund; Möbellack seidenmatt, Salbei; Kantenband zum Aufbügeln, pass; Schleifpapier Körnung 120, 180
sliding birke 12 korpus | Tür 504x597 | Die meisten Schiebetürbeschläge für den Korpus sind für #–# mm Türen gemacht. Be | Schiebetürbeschlag für Holztüren im Korp | Hartwachsöl, farblos oder weis; Schleifpapier Körnung 120, 180
sliding birke 12 salbei | Tür 504x597 | Die meisten Schiebetürbeschläge für den Korpus sind für #–# mm Türen gemacht. Be | Schiebetürbeschlag für Holztüren im Korp | Hartwachsöl, farblos oder weis; Haftgrund; Möbellack seidenmatt, Salbei; Schleifpapier Körnung 120, 180
sliding birke 18 korpus | Tür 504x597 | OK | Schiebetürbeschlag für Holztüren im Korp | Hartwachsöl, farblos oder weis; Schleifpapier Körnung 120, 180
sliding birke 18 salbei | Tür 504x597 | OK | Schiebetürbeschlag für Holztüren im Korp | Hartwachsöl, farblos oder weis; Haftgrund; Möbellack seidenmatt, Salbei; Schleifpapier Körnung 120, 180
sliding birkesi 12 korpus | Tür 504x597 | Die meisten Schiebetürbeschläge für den Korpus sind für #–# mm Türen gemacht. Be | Schiebetürbeschlag für Holztüren im Korp | Hartwachsöl, farblos oder weis; Schleifpapier Körnung 120, 180
sliding birkesi 12 salbei | Tür 504x597 | Die meisten Schiebetürbeschläge für den Korpus sind für #–# mm Türen gemacht. Be | Schiebetürbeschlag für Holztüren im Korp | Hartwachsöl, farblos oder weis; Haftgrund; Möbellack seidenmatt, Salbei; Schleifpapier Körnung 120, 180
sliding birkesi 18 korpus | Tür 504x597 | OK | Schiebetürbeschlag für Holztüren im Korp | Hartwachsöl, farblos oder weis; Schleifpapier Körnung 120, 180
sliding birkesi 18 salbei | Tür 504x597 | OK | Schiebetürbeschlag für Holztüren im Korp | Hartwachsöl, farblos oder weis; Haftgrund; Möbellack seidenmatt, Salbei; Schleifpapier Körnung 120, 180
sliding eiche 18 korpus | Tür 504x597 | OK | Schiebetürbeschlag für Holztüren im Korp | Hartwachsöl, farblos oder weis; Schleifpapier Körnung 120, 180
sliding eiche 18 salbei | Tür 504x597 | OK | Schiebetürbeschlag für Holztüren im Korp | Hartwachsöl, farblos oder weis; Haftgrund; Möbellack seidenmatt, Salbei; Schleifpapier Körnung 120, 180
sliding fichte 18 korpus | Tür 504x597 | OK | Schiebetürbeschlag für Holztüren im Korp | Hartwachsöl, farblos oder weis; Schleifpapier Körnung 120, 180
sliding fichte 18 salbei | Tür 504x597 | OK | Schiebetürbeschlag für Holztüren im Korp | Hartwachsöl, farblos oder weis; Haftgrund; Möbellack seidenmatt, Salbei; Schleifpapier Körnung 120, 180
sliding seekiefer 12 korpus | Tür 504x597 | Die meisten Schiebetürbeschläge für den Korpus sind für #–# mm Türen gemacht. Be | Schiebetürbeschlag für Holztüren im Korp | Hartwachsöl, farblos oder weis; Schleifpapier Körnung 120, 180
sliding seekiefer 12 salbei | Tür 504x597 | Die meisten Schiebetürbeschläge für den Korpus sind für #–# mm Türen gemacht. Be | Schiebetürbeschlag für Holztüren im Korp | Hartwachsöl, farblos oder weis; Haftgrund; Möbellack seidenmatt, Salbei; Schleifpapier Körnung 120, 180
sliding seekiefer 15 korpus | Tür 504x597 | Die meisten Schiebetürbeschläge für den Korpus sind für #–# mm Türen gemacht. Be | Schiebetürbeschlag für Holztüren im Korp | Hartwachsöl, farblos oder weis; Schleifpapier Körnung 120, 180
sliding seekiefer 15 salbei | Tür 504x597 | Die meisten Schiebetürbeschläge für den Korpus sind für #–# mm Türen gemacht. Be | Schiebetürbeschlag für Holztüren im Korp | Hartwachsöl, farblos oder weis; Haftgrund; Möbellack seidenmatt, Salbei; Schleifpapier Körnung 120, 180
sliding fichtesp 12 korpus | Tür 504x597 | Die meisten Schiebetürbeschläge für den Korpus sind für #–# mm Türen gemacht. Be | Schiebetürbeschlag für Holztüren im Korp | Hartwachsöl, farblos oder weis; Schleifpapier Körnung 120, 180
sliding fichtesp 12 salbei | Tür 504x597 | Die meisten Schiebetürbeschläge für den Korpus sind für #–# mm Türen gemacht. Be | Schiebetürbeschlag für Holztüren im Korp | Hartwachsöl, farblos oder weis; Haftgrund; Möbellack seidenmatt, Salbei; Schleifpapier Körnung 120, 180
sliding fichtesp 15 korpus | Tür 504x597 | Die meisten Schiebetürbeschläge für den Korpus sind für #–# mm Türen gemacht. Be | Schiebetürbeschlag für Holztüren im Korp | Hartwachsöl, farblos oder weis; Schleifpapier Körnung 120, 180
sliding fichtesp 15 salbei | Tür 504x597 | Die meisten Schiebetürbeschläge für den Korpus sind für #–# mm Türen gemacht. Be | Schiebetürbeschlag für Holztüren im Korp | Hartwachsöl, farblos oder weis; Haftgrund; Möbellack seidenmatt, Salbei; Schleifpapier Körnung 120, 180
sliding fichtesp 18 korpus | Tür 504x597 | OK | Schiebetürbeschlag für Holztüren im Korp | Hartwachsöl, farblos oder weis; Schleifpapier Körnung 120, 180
sliding fichtesp 18 salbei | Tür 504x597 | OK | Schiebetürbeschlag für Holztüren im Korp | Hartwachsöl, farblos oder weis; Haftgrund; Möbellack seidenmatt, Salbei; Schleifpapier Körnung 120, 180
sliding mdf 16 korpus | Tür 504x597 | OK | Schiebetürbeschlag für Holztüren im Korp | Hartwachsöl, farblos oder weis; Grundierung für MDF (Kanten 2×; Möbellack seidenmatt, Weiss; Schleifpapier Körnung 120, 180
sliding mdf 16 salbei | Tür 504x597 | OK | Schiebetürbeschlag für Holztüren im Korp | Hartwachsöl, farblos oder weis; Grundierung für MDF (Kanten 2×; Möbellack seidenmatt, Salbei; Schleifpapier Körnung 120, 180
sliding mdf 19 korpus | Tür 504x597 | OK | Schiebetürbeschlag für Holztüren im Korp | Hartwachsöl, farblos oder weis; Grundierung für MDF (Kanten 2×; Möbellack seidenmatt, Weiss; Schleifpapier Körnung 120, 180
sliding mdf 19 salbei | Tür 504x597 | OK | Schiebetürbeschlag für Holztüren im Korp | Hartwachsöl, farblos oder weis; Grundierung für MDF (Kanten 2×; Möbellack seidenmatt, Salbei; Schleifpapier Körnung 120, 180
sliding osb 12 korpus | Tür 504x597 | Die meisten Schiebetürbeschläge für den Korpus sind für #–# mm Türen gemacht. Be | Schiebetürbeschlag für Holztüren im Korp | Hartwachsöl, farblos oder weis; Schleifpapier Körnung 120, 180
sliding osb 12 salbei | Tür 504x597 | Die meisten Schiebetürbeschläge für den Korpus sind für #–# mm Türen gemacht. Be | Schiebetürbeschlag für Holztüren im Korp | Hartwachsöl, farblos oder weis; Haftgrund; Möbellack seidenmatt, Salbei; Schleifpapier Körnung 120, 180
sliding osb 15 korpus | Tür 504x597 | Die meisten Schiebetürbeschläge für den Korpus sind für #–# mm Türen gemacht. Be | Schiebetürbeschlag für Holztüren im Korp | Hartwachsöl, farblos oder weis; Schleifpapier Körnung 120, 180
sliding osb 15 salbei | Tür 504x597 | Die meisten Schiebetürbeschläge für den Korpus sind für #–# mm Türen gemacht. Be | Schiebetürbeschlag für Holztüren im Korp | Hartwachsöl, farblos oder weis; Haftgrund; Möbellack seidenmatt, Salbei; Schleifpapier Körnung 120, 180
sliding osb 18 korpus | Tür 504x597 | OK | Schiebetürbeschlag für Holztüren im Korp | Hartwachsöl, farblos oder weis; Schleifpapier Körnung 120, 180
sliding osb 18 salbei | Tür 504x597 | OK | Schiebetürbeschlag für Holztüren im Korp | Hartwachsöl, farblos oder weis; Haftgrund; Möbellack seidenmatt, Salbei; Schleifpapier Körnung 120, 180
sliding dreischicht 19 korpus | Tür 504x597 | OK | Schiebetürbeschlag für Holztüren im Korp | Hartwachsöl, farblos oder weis; Schleifpapier Körnung 120, 180
sliding dreischicht 19 salbei | Tür 504x597 | OK | Schiebetürbeschlag für Holztüren im Korp | Hartwachsöl, farblos oder weis; Haftgrund; Möbellack seidenmatt, Salbei; Schleifpapier Körnung 120, 180
sliding dekorspan 16 korpus | Tür 504x597 | OK | Schiebetürbeschlag für Holztüren im Korp | Hartwachsöl, farblos oder weis; Kantenband zum Aufbügeln, pass; Schleifpapier Körnung 120, 180
sliding dekorspan 16 salbei | Tür 504x597 | OK | Schiebetürbeschlag für Holztüren im Korp | Hartwachsöl, farblos oder weis; Haftgrund; Möbellack seidenmatt, Salbei; Kantenband zum Aufbügeln, pass; Schleifpapier Körnung 120, 180
sliding dekorspan 19 korpus | Tür 504x597 | OK | Schiebetürbeschlag für Holztüren im Korp | Hartwachsöl, farblos oder weis; Kantenband zum Aufbügeln, pass; Schleifpapier Körnung 120, 180
sliding dekorspan 19 salbei | Tür 504x597 | OK | Schiebetürbeschlag für Holztüren im Korp | Hartwachsöl, farblos oder weis; Haftgrund; Möbellack seidenmatt, Salbei; Kantenband zum Aufbügeln, pass; Schleifpapier Körnung 120, 180

== Highboard 1000x1400 Sockel 80
hinged birke 12 korpus | Tür 1317x497 | Die Türen sind # mm hoch – bei # mm verziehen sie sich leicht. Richtwert: # mm b | Topfscharnier Ø 26 mm, 110°, aufliegend, | Hartwachsöl, farblos oder weis; Schleifpapier Körnung 120, 180
hinged birke 12 salbei | Tür 1317x497 | Die Türen sind # mm hoch – bei # mm verziehen sie sich leicht. Richtwert: # mm b | Topfscharnier Ø 26 mm, 110°, aufliegend, | Hartwachsöl, farblos oder weis; Haftgrund; Möbellack seidenmatt, Salbei; Schleifpapier Körnung 120, 180
hinged birke 18 korpus | Tür 1317x497 | OK | Topfscharnier Ø 35 mm, 110°, aufliegend, | Hartwachsöl, farblos oder weis; Schleifpapier Körnung 120, 180
hinged birke 18 salbei | Tür 1317x497 | OK | Topfscharnier Ø 35 mm, 110°, aufliegend, | Hartwachsöl, farblos oder weis; Haftgrund; Möbellack seidenmatt, Salbei; Schleifpapier Körnung 120, 180
hinged birkesi 12 korpus | Tür 1317x497 | Die Türen sind # mm hoch – bei # mm verziehen sie sich leicht. Richtwert: # mm b // Teil J (Tür, # × # mm) passt nicht auf die Platte # × # mm. Grösseres Plattenfor | Topfscharnier Ø 26 mm, 110°, aufliegend, | Hartwachsöl, farblos oder weis; Schleifpapier Körnung 120, 180
hinged birkesi 12 salbei | Tür 1317x497 | Die Türen sind # mm hoch – bei # mm verziehen sie sich leicht. Richtwert: # mm b // Teil J (Tür, # × # mm) passt nicht auf die Platte # × # mm. Grösseres Plattenfor | Topfscharnier Ø 26 mm, 110°, aufliegend, | Hartwachsöl, farblos oder weis; Haftgrund; Möbellack seidenmatt, Salbei; Schleifpapier Körnung 120, 180
hinged birkesi 18 korpus | Tür 1317x497 | Teil J (Tür, # × # mm) passt nicht auf die Platte # × # mm. Grösseres Plattenfor | Topfscharnier Ø 35 mm, 110°, aufliegend, | Hartwachsöl, farblos oder weis; Schleifpapier Körnung 120, 180
hinged birkesi 18 salbei | Tür 1317x497 | Teil J (Tür, # × # mm) passt nicht auf die Platte # × # mm. Grösseres Plattenfor | Topfscharnier Ø 35 mm, 110°, aufliegend, | Hartwachsöl, farblos oder weis; Haftgrund; Möbellack seidenmatt, Salbei; Schleifpapier Körnung 120, 180
hinged eiche 18 korpus | Tür 1317x497 | OK | Topfscharnier Ø 35 mm, 110°, aufliegend, | Hartwachsöl, farblos oder weis; Schleifpapier Körnung 120, 180
hinged eiche 18 salbei | Tür 1317x497 | OK | Topfscharnier Ø 35 mm, 110°, aufliegend, | Hartwachsöl, farblos oder weis; Haftgrund; Möbellack seidenmatt, Salbei; Schleifpapier Körnung 120, 180
hinged fichte 18 korpus | Tür 1317x497 | OK | Topfscharnier Ø 35 mm, 110°, aufliegend, | Hartwachsöl, farblos oder weis; Schleifpapier Körnung 120, 180
hinged fichte 18 salbei | Tür 1317x497 | OK | Topfscharnier Ø 35 mm, 110°, aufliegend, | Hartwachsöl, farblos oder weis; Haftgrund; Möbellack seidenmatt, Salbei; Schleifpapier Körnung 120, 180
hinged seekiefer 12 korpus | Tür 1317x497 | Die Türen sind # mm hoch – bei # mm verziehen sie sich leicht. Richtwert: # mm b | Topfscharnier Ø 26 mm, 110°, aufliegend, | Hartwachsöl, farblos oder weis; Schleifpapier Körnung 120, 180
hinged seekiefer 12 salbei | Tür 1317x497 | Die Türen sind # mm hoch – bei # mm verziehen sie sich leicht. Richtwert: # mm b | Topfscharnier Ø 26 mm, 110°, aufliegend, | Hartwachsöl, farblos oder weis; Haftgrund; Möbellack seidenmatt, Salbei; Schleifpapier Körnung 120, 180
hinged seekiefer 15 korpus | Tür 1317x497 | Die Türen sind # mm hoch – bei # mm verziehen sie sich leicht. Richtwert: # mm b | Topfscharnier Ø 35 mm, 110°, aufliegend, | Hartwachsöl, farblos oder weis; Schleifpapier Körnung 120, 180
hinged seekiefer 15 salbei | Tür 1317x497 | Die Türen sind # mm hoch – bei # mm verziehen sie sich leicht. Richtwert: # mm b | Topfscharnier Ø 35 mm, 110°, aufliegend, | Hartwachsöl, farblos oder weis; Haftgrund; Möbellack seidenmatt, Salbei; Schleifpapier Körnung 120, 180
hinged fichtesp 12 korpus | Tür 1317x497 | Die Türen sind # mm hoch – bei # mm verziehen sie sich leicht. Richtwert: # mm b | Topfscharnier Ø 26 mm, 110°, aufliegend, | Hartwachsöl, farblos oder weis; Schleifpapier Körnung 120, 180
hinged fichtesp 12 salbei | Tür 1317x497 | Die Türen sind # mm hoch – bei # mm verziehen sie sich leicht. Richtwert: # mm b | Topfscharnier Ø 26 mm, 110°, aufliegend, | Hartwachsöl, farblos oder weis; Haftgrund; Möbellack seidenmatt, Salbei; Schleifpapier Körnung 120, 180
hinged fichtesp 15 korpus | Tür 1317x497 | Die Türen sind # mm hoch – bei # mm verziehen sie sich leicht. Richtwert: # mm b | Topfscharnier Ø 35 mm, 110°, aufliegend, | Hartwachsöl, farblos oder weis; Schleifpapier Körnung 120, 180
hinged fichtesp 15 salbei | Tür 1317x497 | Die Türen sind # mm hoch – bei # mm verziehen sie sich leicht. Richtwert: # mm b | Topfscharnier Ø 35 mm, 110°, aufliegend, | Hartwachsöl, farblos oder weis; Haftgrund; Möbellack seidenmatt, Salbei; Schleifpapier Körnung 120, 180
hinged fichtesp 18 korpus | Tür 1317x497 | OK | Topfscharnier Ø 35 mm, 110°, aufliegend, | Hartwachsöl, farblos oder weis; Schleifpapier Körnung 120, 180
hinged fichtesp 18 salbei | Tür 1317x497 | OK | Topfscharnier Ø 35 mm, 110°, aufliegend, | Hartwachsöl, farblos oder weis; Haftgrund; Möbellack seidenmatt, Salbei; Schleifpapier Körnung 120, 180
hinged mdf 16 korpus | Tür 1317x497 | OK | Topfscharnier Ø 35 mm, 110°, aufliegend, | Hartwachsöl, farblos oder weis; Grundierung für MDF (Kanten 2×; Möbellack seidenmatt, Weiss; Schleifpapier Körnung 120, 180
hinged mdf 16 salbei | Tür 1317x497 | OK | Topfscharnier Ø 35 mm, 110°, aufliegend, | Hartwachsöl, farblos oder weis; Grundierung für MDF (Kanten 2×; Möbellack seidenmatt, Salbei; Schleifpapier Körnung 120, 180
hinged mdf 19 korpus | Tür 1317x497 | OK | Topfscharnier Ø 35 mm, 110°, aufliegend, | Hartwachsöl, farblos oder weis; Grundierung für MDF (Kanten 2×; Möbellack seidenmatt, Weiss; Schleifpapier Körnung 120, 180
hinged mdf 19 salbei | Tür 1317x497 | OK | Topfscharnier Ø 35 mm, 110°, aufliegend, | Hartwachsöl, farblos oder weis; Grundierung für MDF (Kanten 2×; Möbellack seidenmatt, Salbei; Schleifpapier Körnung 120, 180
hinged osb 12 korpus | Tür 1317x497 | Die Türen sind # mm hoch – bei # mm verziehen sie sich leicht. Richtwert: # mm b | Topfscharnier Ø 26 mm, 110°, aufliegend, | Hartwachsöl, farblos oder weis; Schleifpapier Körnung 120, 180
hinged osb 12 salbei | Tür 1317x497 | Die Türen sind # mm hoch – bei # mm verziehen sie sich leicht. Richtwert: # mm b | Topfscharnier Ø 26 mm, 110°, aufliegend, | Hartwachsöl, farblos oder weis; Haftgrund; Möbellack seidenmatt, Salbei; Schleifpapier Körnung 120, 180
hinged osb 15 korpus | Tür 1317x497 | Die Türen sind # mm hoch – bei # mm verziehen sie sich leicht. Richtwert: # mm b | Topfscharnier Ø 35 mm, 110°, aufliegend, | Hartwachsöl, farblos oder weis; Schleifpapier Körnung 120, 180
hinged osb 15 salbei | Tür 1317x497 | Die Türen sind # mm hoch – bei # mm verziehen sie sich leicht. Richtwert: # mm b | Topfscharnier Ø 35 mm, 110°, aufliegend, | Hartwachsöl, farblos oder weis; Haftgrund; Möbellack seidenmatt, Salbei; Schleifpapier Körnung 120, 180
hinged osb 18 korpus | Tür 1317x497 | OK | Topfscharnier Ø 35 mm, 110°, aufliegend, | Hartwachsöl, farblos oder weis; Schleifpapier Körnung 120, 180
hinged osb 18 salbei | Tür 1317x497 | OK | Topfscharnier Ø 35 mm, 110°, aufliegend, | Hartwachsöl, farblos oder weis; Haftgrund; Möbellack seidenmatt, Salbei; Schleifpapier Körnung 120, 180
hinged dreischicht 19 korpus | Tür 1317x497 | OK | Topfscharnier Ø 35 mm, 110°, aufliegend, | Hartwachsöl, farblos oder weis; Schleifpapier Körnung 120, 180
hinged dreischicht 19 salbei | Tür 1317x497 | OK | Topfscharnier Ø 35 mm, 110°, aufliegend, | Hartwachsöl, farblos oder weis; Haftgrund; Möbellack seidenmatt, Salbei; Schleifpapier Körnung 120, 180
hinged dekorspan 16 korpus | Tür 1317x497 | OK | Topfscharnier Ø 35 mm, 110°, aufliegend, | Hartwachsöl, farblos oder weis; Kantenband zum Aufbügeln, pass; Schleifpapier Körnung 120, 180
hinged dekorspan 16 salbei | Tür 1317x497 | OK | Topfscharnier Ø 35 mm, 110°, aufliegend, | Hartwachsöl, farblos oder weis; Haftgrund; Möbellack seidenmatt, Salbei; Kantenband zum Aufbügeln, pass; Schleifpapier Körnung 120, 180
hinged dekorspan 19 korpus | Tür 1317x497 | OK | Topfscharnier Ø 35 mm, 110°, aufliegend, | Hartwachsöl, farblos oder weis; Kantenband zum Aufbügeln, pass; Schleifpapier Körnung 120, 180
hinged dekorspan 19 salbei | Tür 1317x497 | OK | Topfscharnier Ø 35 mm, 110°, aufliegend, | Hartwachsöl, farblos oder weis; Haftgrund; Möbellack seidenmatt, Salbei; Kantenband zum Aufbügeln, pass; Schleifpapier Körnung 120, 180
sliding birke 12 korpus | Tür 1264x497 | Die meisten Schiebetürbeschläge für den Korpus sind für #–# mm Türen gemacht. Be // Die Türen sind # mm hoch – bei # mm verziehen sie sich leicht. Richtwert: # mm b | Schiebetürbeschlag für Holztüren im Korp | Hartwachsöl, farblos oder weis; Schleifpapier Körnung 120, 180
sliding birke 12 salbei | Tür 1264x497 | Die meisten Schiebetürbeschläge für den Korpus sind für #–# mm Türen gemacht. Be // Die Türen sind # mm hoch – bei # mm verziehen sie sich leicht. Richtwert: # mm b | Schiebetürbeschlag für Holztüren im Korp | Hartwachsöl, farblos oder weis; Haftgrund; Möbellack seidenmatt, Salbei; Schleifpapier Körnung 120, 180
sliding birke 18 korpus | Tür 1264x497 | OK | Schiebetürbeschlag für Holztüren im Korp | Hartwachsöl, farblos oder weis; Schleifpapier Körnung 120, 180
sliding birke 18 salbei | Tür 1264x497 | OK | Schiebetürbeschlag für Holztüren im Korp | Hartwachsöl, farblos oder weis; Haftgrund; Möbellack seidenmatt, Salbei; Schleifpapier Körnung 120, 180
sliding birkesi 12 korpus | Tür 1264x497 | Die meisten Schiebetürbeschläge für den Korpus sind für #–# mm Türen gemacht. Be // Die Türen sind # mm hoch – bei # mm verziehen sie sich leicht. Richtwert: # mm b // Teil J (Schiebetür, # × # mm) passt nicht auf die Platte # × # mm. Grösseres Pla | Schiebetürbeschlag für Holztüren im Korp | Hartwachsöl, farblos oder weis; Schleifpapier Körnung 120, 180
sliding birkesi 12 salbei | Tür 1264x497 | Die meisten Schiebetürbeschläge für den Korpus sind für #–# mm Türen gemacht. Be // Die Türen sind # mm hoch – bei # mm verziehen sie sich leicht. Richtwert: # mm b // Teil J (Schiebetür, # × # mm) passt nicht auf die Platte # × # mm. Grösseres Pla | Schiebetürbeschlag für Holztüren im Korp | Hartwachsöl, farblos oder weis; Haftgrund; Möbellack seidenmatt, Salbei; Schleifpapier Körnung 120, 180
sliding birkesi 18 korpus | Tür 1264x497 | Teil J (Schiebetür, # × # mm) passt nicht auf die Platte # × # mm. Grösseres Pla | Schiebetürbeschlag für Holztüren im Korp | Hartwachsöl, farblos oder weis; Schleifpapier Körnung 120, 180
sliding birkesi 18 salbei | Tür 1264x497 | Teil J (Schiebetür, # × # mm) passt nicht auf die Platte # × # mm. Grösseres Pla | Schiebetürbeschlag für Holztüren im Korp | Hartwachsöl, farblos oder weis; Haftgrund; Möbellack seidenmatt, Salbei; Schleifpapier Körnung 120, 180
sliding eiche 18 korpus | Tür 1264x497 | OK | Schiebetürbeschlag für Holztüren im Korp | Hartwachsöl, farblos oder weis; Schleifpapier Körnung 120, 180
sliding eiche 18 salbei | Tür 1264x497 | OK | Schiebetürbeschlag für Holztüren im Korp | Hartwachsöl, farblos oder weis; Haftgrund; Möbellack seidenmatt, Salbei; Schleifpapier Körnung 120, 180
sliding fichte 18 korpus | Tür 1264x497 | OK | Schiebetürbeschlag für Holztüren im Korp | Hartwachsöl, farblos oder weis; Schleifpapier Körnung 120, 180
sliding fichte 18 salbei | Tür 1264x497 | OK | Schiebetürbeschlag für Holztüren im Korp | Hartwachsöl, farblos oder weis; Haftgrund; Möbellack seidenmatt, Salbei; Schleifpapier Körnung 120, 180
sliding seekiefer 12 korpus | Tür 1264x497 | Die meisten Schiebetürbeschläge für den Korpus sind für #–# mm Türen gemacht. Be // Die Türen sind # mm hoch – bei # mm verziehen sie sich leicht. Richtwert: # mm b | Schiebetürbeschlag für Holztüren im Korp | Hartwachsöl, farblos oder weis; Schleifpapier Körnung 120, 180
sliding seekiefer 12 salbei | Tür 1264x497 | Die meisten Schiebetürbeschläge für den Korpus sind für #–# mm Türen gemacht. Be // Die Türen sind # mm hoch – bei # mm verziehen sie sich leicht. Richtwert: # mm b | Schiebetürbeschlag für Holztüren im Korp | Hartwachsöl, farblos oder weis; Haftgrund; Möbellack seidenmatt, Salbei; Schleifpapier Körnung 120, 180
sliding seekiefer 15 korpus | Tür 1264x497 | Die meisten Schiebetürbeschläge für den Korpus sind für #–# mm Türen gemacht. Be // Die Türen sind # mm hoch – bei # mm verziehen sie sich leicht. Richtwert: # mm b | Schiebetürbeschlag für Holztüren im Korp | Hartwachsöl, farblos oder weis; Schleifpapier Körnung 120, 180
sliding seekiefer 15 salbei | Tür 1264x497 | Die meisten Schiebetürbeschläge für den Korpus sind für #–# mm Türen gemacht. Be // Die Türen sind # mm hoch – bei # mm verziehen sie sich leicht. Richtwert: # mm b | Schiebetürbeschlag für Holztüren im Korp | Hartwachsöl, farblos oder weis; Haftgrund; Möbellack seidenmatt, Salbei; Schleifpapier Körnung 120, 180
sliding fichtesp 12 korpus | Tür 1264x497 | Die meisten Schiebetürbeschläge für den Korpus sind für #–# mm Türen gemacht. Be // Die Türen sind # mm hoch – bei # mm verziehen sie sich leicht. Richtwert: # mm b | Schiebetürbeschlag für Holztüren im Korp | Hartwachsöl, farblos oder weis; Schleifpapier Körnung 120, 180
sliding fichtesp 12 salbei | Tür 1264x497 | Die meisten Schiebetürbeschläge für den Korpus sind für #–# mm Türen gemacht. Be // Die Türen sind # mm hoch – bei # mm verziehen sie sich leicht. Richtwert: # mm b | Schiebetürbeschlag für Holztüren im Korp | Hartwachsöl, farblos oder weis; Haftgrund; Möbellack seidenmatt, Salbei; Schleifpapier Körnung 120, 180
sliding fichtesp 15 korpus | Tür 1264x497 | Die meisten Schiebetürbeschläge für den Korpus sind für #–# mm Türen gemacht. Be // Die Türen sind # mm hoch – bei # mm verziehen sie sich leicht. Richtwert: # mm b | Schiebetürbeschlag für Holztüren im Korp | Hartwachsöl, farblos oder weis; Schleifpapier Körnung 120, 180
sliding fichtesp 15 salbei | Tür 1264x497 | Die meisten Schiebetürbeschläge für den Korpus sind für #–# mm Türen gemacht. Be // Die Türen sind # mm hoch – bei # mm verziehen sie sich leicht. Richtwert: # mm b | Schiebetürbeschlag für Holztüren im Korp | Hartwachsöl, farblos oder weis; Haftgrund; Möbellack seidenmatt, Salbei; Schleifpapier Körnung 120, 180
sliding fichtesp 18 korpus | Tür 1264x497 | OK | Schiebetürbeschlag für Holztüren im Korp | Hartwachsöl, farblos oder weis; Schleifpapier Körnung 120, 180
sliding fichtesp 18 salbei | Tür 1264x497 | OK | Schiebetürbeschlag für Holztüren im Korp | Hartwachsöl, farblos oder weis; Haftgrund; Möbellack seidenmatt, Salbei; Schleifpapier Körnung 120, 180
sliding mdf 16 korpus | Tür 1264x497 | OK | Schiebetürbeschlag für Holztüren im Korp | Hartwachsöl, farblos oder weis; Grundierung für MDF (Kanten 2×; Möbellack seidenmatt, Weiss; Schleifpapier Körnung 120, 180
sliding mdf 16 salbei | Tür 1264x497 | OK | Schiebetürbeschlag für Holztüren im Korp | Hartwachsöl, farblos oder weis; Grundierung für MDF (Kanten 2×; Möbellack seidenmatt, Salbei; Schleifpapier Körnung 120, 180
sliding mdf 19 korpus | Tür 1264x497 | OK | Schiebetürbeschlag für Holztüren im Korp | Hartwachsöl, farblos oder weis; Grundierung für MDF (Kanten 2×; Möbellack seidenmatt, Weiss; Schleifpapier Körnung 120, 180
sliding mdf 19 salbei | Tür 1264x497 | OK | Schiebetürbeschlag für Holztüren im Korp | Hartwachsöl, farblos oder weis; Grundierung für MDF (Kanten 2×; Möbellack seidenmatt, Salbei; Schleifpapier Körnung 120, 180
sliding osb 12 korpus | Tür 1264x497 | Die meisten Schiebetürbeschläge für den Korpus sind für #–# mm Türen gemacht. Be // Die Türen sind # mm hoch – bei # mm verziehen sie sich leicht. Richtwert: # mm b | Schiebetürbeschlag für Holztüren im Korp | Hartwachsöl, farblos oder weis; Schleifpapier Körnung 120, 180
sliding osb 12 salbei | Tür 1264x497 | Die meisten Schiebetürbeschläge für den Korpus sind für #–# mm Türen gemacht. Be // Die Türen sind # mm hoch – bei # mm verziehen sie sich leicht. Richtwert: # mm b | Schiebetürbeschlag für Holztüren im Korp | Hartwachsöl, farblos oder weis; Haftgrund; Möbellack seidenmatt, Salbei; Schleifpapier Körnung 120, 180
sliding osb 15 korpus | Tür 1264x497 | Die meisten Schiebetürbeschläge für den Korpus sind für #–# mm Türen gemacht. Be // Die Türen sind # mm hoch – bei # mm verziehen sie sich leicht. Richtwert: # mm b | Schiebetürbeschlag für Holztüren im Korp | Hartwachsöl, farblos oder weis; Schleifpapier Körnung 120, 180
sliding osb 15 salbei | Tür 1264x497 | Die meisten Schiebetürbeschläge für den Korpus sind für #–# mm Türen gemacht. Be // Die Türen sind # mm hoch – bei # mm verziehen sie sich leicht. Richtwert: # mm b | Schiebetürbeschlag für Holztüren im Korp | Hartwachsöl, farblos oder weis; Haftgrund; Möbellack seidenmatt, Salbei; Schleifpapier Körnung 120, 180
sliding osb 18 korpus | Tür 1264x497 | OK | Schiebetürbeschlag für Holztüren im Korp | Hartwachsöl, farblos oder weis; Schleifpapier Körnung 120, 180
sliding osb 18 salbei | Tür 1264x497 | OK | Schiebetürbeschlag für Holztüren im Korp | Hartwachsöl, farblos oder weis; Haftgrund; Möbellack seidenmatt, Salbei; Schleifpapier Körnung 120, 180
sliding dreischicht 19 korpus | Tür 1264x497 | OK | Schiebetürbeschlag für Holztüren im Korp | Hartwachsöl, farblos oder weis; Schleifpapier Körnung 120, 180
sliding dreischicht 19 salbei | Tür 1264x497 | OK | Schiebetürbeschlag für Holztüren im Korp | Hartwachsöl, farblos oder weis; Haftgrund; Möbellack seidenmatt, Salbei; Schleifpapier Körnung 120, 180
sliding dekorspan 16 korpus | Tür 1264x497 | OK | Schiebetürbeschlag für Holztüren im Korp | Hartwachsöl, farblos oder weis; Kantenband zum Aufbügeln, pass; Schleifpapier Körnung 120, 180
sliding dekorspan 16 salbei | Tür 1264x497 | OK | Schiebetürbeschlag für Holztüren im Korp | Hartwachsöl, farblos oder weis; Haftgrund; Möbellack seidenmatt, Salbei; Kantenband zum Aufbügeln, pass; Schleifpapier Körnung 120, 180
sliding dekorspan 19 korpus | Tür 1264x497 | OK | Schiebetürbeschlag für Holztüren im Korp | Hartwachsöl, farblos oder weis; Kantenband zum Aufbügeln, pass; Schleifpapier Körnung 120, 180
sliding dekorspan 19 salbei | Tür 1264x497 | OK | Schiebetürbeschlag für Holztüren im Korp | Hartwachsöl, farblos oder weis; Haftgrund; Möbellack seidenmatt, Salbei; Kantenband zum Aufbügeln, pass; Schleifpapier Körnung 120, 180
